---
source: partiql-beamline-sim/tests/error.rs
expression: output
---
  × Error in process configuration

Error: 
  × Unknown Immediate of Ion type `blob`
   ╭─[unknown_immediate.script:6:26]
 5 │                 $data: {
 6 │                     err: {{ }},
   ·                          ─────
 7 │                 }
   ╰────
