---
source: partiql-beamline-sim/tests/error.rs
assertion_line: 56
expression: output
---
  × Error in process configuration

Error:   × Ion Decoding Error
    ╭─[missing_comma.script:2:25]
  1 │     
  2 │ ╭─▶         rand_processes::{
  3 │ │               sensor: [
  4 │ │                   {
  5 │ │                       $arrival: HomogeneousPoisson:: { interarrival: minutes::5 },
  6 │ │                       sensor: rand_process::{
  7 │ │                           $data: {
  8 │ │                               id: '1'
  9 │ │                               tick: Tick,
 10 │ │                           }
 11 │ │                       }
 12 │ │                   }
 13 │ │               ],
 14 │ │           }
 15 │ ├─▶     
    · ╰──┤ found unrecognized syntax
    ·    │     while reading Ion data
    ·    │         offset=289
    ·    │         input=tick: Tick,\n                    ...
    ·    │         buffer len=107
    ·    │         
    ·    │     while matching a struct field value
    ·    │         offset=223
    ·    │         input={\n                            id...
    ·    │         buffer len=173
    ·    │         
    ·    │     while matching a struct field value
    ·    │         offset=190
    ·    │         input={\n                        $data:...
    ·    │         buffer len=206
    ·    │         
    ·    │     while reading a struct
    ·    │         offset=65
    ·    │         input={\n                    $arrival: ...
    ·    │         buffer len=331
    ·    │         
    ·    │     while matching a struct field value
    ·    │         offset=47
    ·    │         input=[\n                {\n            ...
    ·    │         buffer len=349
    ·    │         
    ·    │     while reading a struct
    ·    │         offset=25
    ·    │         input={\n            sensor: [\n        ...
    ·    │         buffer len=371
    ·    │         
    ╰────
