---
source: partiql-beamline-sim/tests/error.rs
expression: output
---
  × Error in process configuration

Error:   × Unknown Generator UniformNonsense
   ╭─[unknown_generator.script:7:40]
 6 │                     ok: UniformI8,
 7 │                     unknown_generator: UniformNonsense,
   ·                                        ───────────────
 8 │                     ok2: UniformI8,
   ╰────
