---
source: partiql-beamline-sim/src/lib.rs
expression: sensors_shape
---
Static(
    StaticType {
        id: NodeId(
            0,
        ),
        ty: Bag(
            BagType {
                element_type: Static(
                    StaticType {
                        id: NodeId(
                            0,
                        ),
                        ty: Struct(
                            StructType {
                                constraints: {
                                    Fields(
                                        {
                                            StructField {
                                                optional: false,
                                                name: "tick",
                                                ty: Static(
                                                    StaticType {
                                                        id: NodeId(
                                                            0,
                                                        ),
                                                        ty: Int64,
                                                        nullable: true,
                                                    },
                                                ),
                                            },
                                            StructField {
                                                optional: false,
                                                name: "id",
                                                ty: Static(
                                                    StaticType {
                                                        id: NodeId(
                                                            0,
                                                        ),
                                                        ty: Int,
                                                        nullable: true,
                                                    },
                                                ),
                                            },
                                            StructField {
                                                optional: false,
                                                name: "i8",
                                                ty: Static(
                                                    StaticType {
                                                        id: NodeId(
                                                            0,
                                                        ),
                                                        ty: Int8,
                                                        nullable: true,
                                                    },
                                                ),
                                            },
                                            StructField {
                                                optional: false,
                                                name: "f",
                                                ty: Static(
                                                    StaticType {
                                                        id: NodeId(
                                                            0,
                                                        ),
                                                        ty: Float64,
                                                        nullable: true,
                                                    },
                                                ),
                                            },
                                            StructField {
                                                optional: false,
                                                name: "sub",
                                                ty: Static(
                                                    StaticType {
                                                        id: NodeId(
                                                            0,
                                                        ),
                                                        ty: Struct(
                                                            StructType {
                                                                constraints: {
                                                                    Fields(
                                                                        {
                                                                            StructField {
                                                                                optional: false,
                                                                                name: "o",
                                                                                ty: Static(
                                                                                    StaticType {
                                                                                        id: NodeId(
                                                                                            0,
                                                                                        ),
                                                                                        ty: Int8,
                                                                                        nullable: true,
                                                                                    },
                                                                                ),
                                                                            },
                                                                            StructField {
                                                                                optional: false,
                                                                                name: "f",
                                                                                ty: Static(
                                                                                    StaticType {
                                                                                        id: NodeId(
                                                                                            0,
                                                                                        ),
                                                                                        ty: Float64,
                                                                                        nullable: true,
                                                                                    },
                                                                                ),
                                                                            },
                                                                        },
                                                                    ),
                                                                    Open(
                                                                        false,
                                                                    ),
                                                                },
                                                            },
                                                        ),
                                                        nullable: true,
                                                    },
                                                ),
                                            },
                                            StructField {
                                                optional: false,
                                                name: "w",
                                                ty: Static(
                                                    StaticType {
                                                        id: NodeId(
                                                            0,
                                                        ),
                                                        ty: DecimalP(
                                                            5,
                                                            4,
                                                        ),
                                                        nullable: true,
                                                    },
                                                ),
                                            },
                                            StructField {
                                                optional: false,
                                                name: "d",
                                                ty: Static(
                                                    StaticType {
                                                        id: NodeId(
                                                            0,
                                                        ),
                                                        ty: DecimalP(
                                                            2,
                                                            0,
                                                        ),
                                                        nullable: true,
                                                    },
                                                ),
                                            },
                                            StructField {
                                                optional: false,
                                                name: "variant",
                                                ty: AnyOf(
                                                    AnyOf {
                                                        types: {
                                                            Static(
                                                                StaticType {
                                                                    id: NodeId(
                                                                        0,
                                                                    ),
                                                                    ty: String,
                                                                    nullable: true,
                                                                },
                                                            ),
                                                            Static(
                                                                StaticType {
                                                                    id: NodeId(
                                                                        0,
                                                                    ),
                                                                    ty: Int64,
                                                                    nullable: true,
                                                                },
                                                            ),
                                                            Static(
                                                                StaticType {
                                                                    id: NodeId(
                                                                        0,
                                                                    ),
                                                                    ty: DecimalP(
                                                                        3,
                                                                        1,
                                                                    ),
                                                                    nullable: true,
                                                                },
                                                            ),
                                                            Static(
                                                                StaticType {
                                                                    id: NodeId(
                                                                        0,
                                                                    ),
                                                                    ty: Int8,
                                                                    nullable: true,
                                                                },
                                                            ),
                                                        },
                                                    },
                                                ),
                                            },
                                            StructField {
                                                optional: false,
                                                name: "tick_array",
                                                ty: Static(
                                                    StaticType {
                                                        id: NodeId(
                                                            0,
                                                        ),
                                                        ty: Array(
                                                            ArrayType {
                                                                element_type: Static(
                                                                    StaticType {
                                                                        id: NodeId(
                                                                            0,
                                                                        ),
                                                                        ty: Int64,
                                                                        nullable: true,
                                                                    },
                                                                ),
                                                            },
                                                        ),
                                                        nullable: true,
                                                    },
                                                ),
                                            },
                                            StructField {
                                                optional: false,
                                                name: "weight_array",
                                                ty: Static(
                                                    StaticType {
                                                        id: NodeId(
                                                            0,
                                                        ),
                                                        ty: Array(
                                                            ArrayType {
                                                                element_type: Static(
                                                                    StaticType {
                                                                        id: NodeId(
                                                                            0,
                                                                        ),
                                                                        ty: DecimalP(
                                                                            5,
                                                                            4,
                                                                        ),
                                                                        nullable: true,
                                                                    },
                                                                ),
                                                            },
                                                        ),
                                                        nullable: true,
                                                    },
                                                ),
                                            },
                                            StructField {
                                                optional: false,
                                                name: "decimal_array",
                                                ty: Static(
                                                    StaticType {
                                                        id: NodeId(
                                                            0,
                                                        ),
                                                        ty: Array(
                                                            ArrayType {
                                                                element_type: Static(
                                                                    StaticType {
                                                                        id: NodeId(
                                                                            0,
                                                                        ),
                                                                        ty: DecimalP(
                                                                            5,
                                                                            4,
                                                                        ),
                                                                        nullable: true,
                                                                    },
                                                                ),
                                                            },
                                                        ),
                                                        nullable: true,
                                                    },
                                                ),
                                            },
                                        },
                                    ),
                                    Open(
                                        false,
                                    ),
                                },
                            },
                        ),
                        nullable: true,
                    },
                ),
            },
        ),
        nullable: true,
    },
)
